org/jclouds/openstack/options/BaseListOptionsTest.class
org/jclouds/openstack/predicates/LinkPredicatesTest.class
org/jclouds/openstack/keystone/v1_1/suppliers/RegionIdToURIFromAuthForServiceSupplierTest.class
org/jclouds/openstack/keystone/v1_1/handlers/RetryOnRenewTest.class
org/jclouds/openstack/internal/TestOpenStackAuthenticationModule.class
org/jclouds/openstack/internal/TestOpenStackAuthenticationModule$1.class
org/jclouds/openstack/filters/AddTimestampQueryTest.class
org/jclouds/openstack/internal/OpenStackAuthClientTest.class
org/jclouds/openstack/keystone/v1_1/suppliers/V1DefaultRegionIdSupplierTest$1.class
org/jclouds/openstack/internal/TestOpenStackAuthenticationModule$TestGetAuthenticationResponse.class
org/jclouds/openstack/filters/AddTimestampQueryTest$1.class
org/jclouds/openstack/keystone/v1_1/functions/PublicURLOrInternalIfNullTest.class
org/jclouds/openstack/keystone/v1_1/suppliers/V1DefaultRegionIdSupplierTest.class
org/jclouds/openstack/keystone/v1_1/functions/RegionFirstPartOfDNSNameOrProviderTest.class
org/jclouds/openstack/keystone/v1_1/internal/BaseKeystoneRestClientExpectTest$TestKeystoneAuthenticationModule.class
org/jclouds/openstack/functions/ParseAuthenticationResponseFromHeadersTest$1.class
org/jclouds/openstack/handlers/RetryOnRenewTest.class
org/jclouds/openstack/functions/ParseAuthenticationResponseFromHeadersTest.class
org/jclouds/openstack/internal/TestOpenStackAuthenticationModule$2.class
org/jclouds/openstack/keystone/v1_1/parse/ParseAuthTest.class
org/jclouds/openstack/keystone/v1_1/internal/BaseKeystoneRestClientExpectTest.class
org/jclouds/openstack/keystone/v1_1/suppliers/RegionIdToURIFromAuthForServiceSupplierTest$1.class
